Welcome to Termux!

Docs:       https://termux.dev/docs
Donate:     https://termux.dev/donate
Community:  https://termux.dev/community

Working with packages:

 - Search:  pkg search <query>
 - Install: pkg install <package>
 - Upgrade: pkg upgrade

Subscribing to additional repositories:

 - Root:    pkg install root-repo
 - X11:     pkg install x11-repo

For fixing any repository issues,
try 'termux-change-repo' command.

Report issues at https://termux.dev/issues
~ $ pkg update
No mirror or mirror group selected. You might want to select one by running 'termux-change-repo'
Testing the available mirrors:
[*] (10) https://packages-cf.termux.dev/apt/termux-main: ok
[*] (1) https://linux.domainesia.com/applications/termux/termux-main: ok
[*] (1) https://termux.niranjan.co/termux-main: ok
[*] (1) https://mirror.bardia.tech/termux/termux-main: bad
[*] (1) https://mirrors.saswata.cc/termux/termux-main: bad
[*] (1) https://mirrors.ravidwivedi.in/termux/termux-main: ok
[*] (1) https://mirror.textcord.xyz/termux/termux-main: bad
[*] (1) https://mirrors.krnk.org/apt/termux/termux-main: ok
[*] (1) https://mirror.rinarin.dev/termux/termux-main: ok
[*] (1) https://mirror.jeonnam.school/termux/termux-main: bad

[*] (1) https://mirrors.nguyenhoang.cloud/termux/termux-main: ok
[*] (1) https://mirrors.cbrx.io/apt/termux/termux-main: ok
[*] (1) https://tmx.xvx.my.id/apt/termux-main: ok
[*] (1) https://mirror.albony.in/termux/termux-main: ok
[*] (1) https://mirror.twds.com.tw/termux/termux-main: ok
[*] (1) https://mirror.nevacloud.com/applications/termux/termux-main: ok
[*] (1) https://mirror.meowsmp.net/termux/termux-main: bad
[*] (1) https://mirror.freedif.org/termux/termux-main: ok
[*] (1) https://mirrors.in.sahilister.net/termux/termux-main/: ok
[*] (1) https://mirror.iscas.ac.cn/termux/apt/termux-main: bad
[*] (1) https://mirrors.sau.edu.cn/termux/apt/termux-main: ok
[*] (1) https://mirrors.sdu.edu.cn/termux/termux-main: ok
[*] (1) https://mirrors.aliyun.com/termux/termux-main: ok
[*] (1) https://mirrors.cernet.edu.cn/termux/apt/termux-main: ok
[*] (1) https://mirrors.cqupt.edu.cn/termux/termux-main: ok
[*] (1) https://mirrors.sustech.edu.cn/termux/apt/termux-main: ok
[*] (1) https://mirrors.bfsu.edu.cn/termux/apt/termux-main: ok
[*] (1) https://mirrors.pku.edu.cn/termux/termux-main/: ok
[*] (1) https://mirrors.hust.edu.cn/termux/apt/termux-main: ok
[*] (1) https://mirrors.tuna.tsinghua.edu.cn/termux/apt/termux-main: ok
[*] (1) https://mirror.sjtu.edu.cn/termux/termux-main/: ok
[*] (1) https://mirror.nyist.edu.cn/termux/apt/termux-main: ok
[*] (1) https://mirrors.ustc.edu.cn/termux/termux-main: ok
[*] (1) https://mirrors.zju.edu.cn/termux/apt/termux-main: ok
[*] (1) https://mirrors.nju.edu.cn/termux/apt/termux-main: ok
[*] (4) https://grimler.se/termux/termux-main: ok
[*] (1) https://mirror.polido.pt/termux/termux-main: bad
[*] (1) https://termux.3san.dev/termux/termux-main: ok
[*] (1) https://mirrors.medzik.dev/termux/termux-main: bad
[*] (1) https://mirror.accum.se/mirror/termux.dev/termux-main: ok
[*] (1) https://mirror.mwt.me/termux/main: ok
[*] (1) https://ro.mirror.flokinet.net/termux/termux-main: ok
[*] (1) https://md.mirrors.hacktegic.com/termux/termux-main: bad
[*] (1) https://is.mirror.flokinet.net/termux/termux-main: ok
[*] (1) https://mirror.termux.dev/termux-main: bad
[*] (1) https://termux.mentality.rip/termux-main: bad
[*] (1) https://nl.mirror.flokinet.net/termux/termux-main: ok
[*] (1) https://termux.cdn.lumito.net/termux-main: ok
[*] (1) https://mirror.leitecastro.com/termux/termux-main: bad
[*] (1) https://mirror.bouwhuis.network/termux/termux-main: ok
[*] (1) https://termux.librehat.com/apt/termux-main: ok
[*] (1) https://mirror.autkin.net/termux/termux-main: ok
[*] (1) https://mirror.sunred.org/termux/termux-main: ok
[*] (1) https://packages.termux.dev/apt/termux-main: ok
[*] (1) https://ftp.agdsn.de/termux/termux-main: ok
[*] (1) https://ftp.fau.de/termux/termux-main: ok
[*] (1) https://mirrors.cfe.re/termux/termux-main: bad
[*] (1) https://mirrors.de.sahilister.net/termux/termux-main: ok
[*] (1) https://gnlug.org/pub/termux/termux-main: ok
[*] (1) https://mirror.mwt.me/termux/main: ok
[*] (1) https://mirror.quantum5.ca/termux/termux-main: ok
[*] (1) https://mirrors.utermux.dev/termux/termux-main: ok
[*] (1) https://plug-mirror.rcac.purdue.edu/termux/termux-main: ok
[*] (1) https://mirror.vern.cc/termux/termux-main: ok
[*] (1) https://dl.kcubeterm.com/termux-main: bad
[*] (1) https://termux.danyael.xyz/termux/termux-main: ok
[*] (1) https://mirror.csclub.uwaterloo.ca/termux/termux-main: ok
[*] (1) https://mirror.fcix.net/termux/termux-main: ok
[*] (1) https://mirrors.middlendian.com/termux/termux-main: ok
[*] (1) https://repository.su/termux/termux-main/: ok
[*] (1) http://mirror.mephi.ru/termux/termux-main: ok
Picking mirror: (9) /data/data/com.termux/files/usr/etc/termux/mirrors/default
Get:1 https://packages-cf.termux.dev/apt/termux-main stable InRelease [14.0 kB]
Get:2 https://packages-cf.termux.dev/apt/termux-main stable/main aarch64 Packages [562 kB]
Fetched 576 kB in 2s (317 kB/s)
Reading package lists... Done
Building dependency tree... Done
73 packages can be upgraded. Run 'apt list --upgradable' to see them.
~ $
~ $ pkg upgrade
No mirror or mirror group selected. You might want to select one by running 'termux-change-repo'
Checking availability of current mirror:
[*] https://packages-cf.termux.dev/apt/termux-main: ok
Hit:1 https://packages-cf.termux.dev/apt/termux-main stable InRelease
Reading package lists... Done
Building dependency tree... Done
73 packages can be upgraded. Run 'apt list --upgradable' to see them.
Reading package lists... Done
Building dependency tree... Done
Calculating upgrade... Done
The following NEW packages will be installed:
  attr libacl libandroid-posix-semaphore libffi
  libngtcp2 libtasn1 p11-kit
The following packages will be upgraded:
  apt bash bzip2 ca-certificates command-not-found
  coreutils curl dash debianutils dialog diffutils
  dos2unix dpkg ed findutils gawk gpgv grep gzip
  inetutils less libandroid-glob libandroid-selinux
  libandroid-support libassuan libbz2 libc++ libcap-ng
  libcurl libevent libgcrypt libgmp libgnutls
  libgpg-error libiconv libidn2 liblz4 liblzma libmd
  libmpfr libnettle libnghttp2 libnghttp3 libnpth
  libsmartcols libssh2 libtirpc libunbound
  libunistring lsof nano ncurses net-tools openssl
  patch pcre2 procps psmisc readline sed tar termux-am
  termux-am-socket termux-core termux-exec
  termux-keyring termux-tools unzip util-linux xxhash
  xz-utils zlib zstd
73 upgraded, 7 newly installed, 0 to remove and 0 not upgraded.
Need to get 21.8 MB of archives.
After this operation, 9380 kB of additional disk space will be used.
Do you want to continue? [Y/n] y
Get:1 https://packages-cf.termux.dev/apt/termux-main stable/main aarch64 ca-certificates all 1:2026.07.16 [104 kB]
Get:2 https://packages-cf.termux.dev/apt/termux-main stable/main aarch64 zlib aarch64 1.3.2 [62.8 kB]
Get:3 https://packages-cf.termux.dev/apt/termux-main stable/main aarch64 openssl aarch64 1:3.6.3 [2478 kB]
Get:4 https://packages-cf.termux.dev/apt/termux-main stable/main aarch64 pcre2 aarch64 10.47 [961 kB]
Get:5 https://packages-cf.termux.dev/apt/termux-main stable/main aarch64 libandroid-selinux aarch64 14.0.0.11-1 [59.6 kB]
Get:6 https://packages-cf.termux.dev/apt/termux-main stable/main aarch64 libiconv aarch64 1.18-1 [561 kB]
Get:7 https://packages-cf.termux.dev/apt/termux-main stable/main aarch64 libandroid-support aarch64 29-1 [10.9 kB]
Get:8 https://packages-cf.termux.dev/apt/termux-main stable/main aarch64 libc++ aarch64 29 [335 kB]
Get:9 https://packages-cf.termux.dev/apt/termux-main stable/main aarch64 libgmp aarch64 6.3.0-2 [328 kB]
Get:10 https://packages-cf.termux.dev/apt/termux-main stable/main aarch64 coreutils aarch64 9.11-1 [814 kB]
Get:11 https://packages-cf.termux.dev/apt/termux-main stable/main aarch64 libbz2 aarch64 1.0.8-8 [26.1 kB]
Get:12 https://packages-cf.termux.dev/apt/termux-main stable/main aarch64 bzip2 aarch64 1.0.8-8 [26.2 kB]
Get:13 https://packages-cf.termux.dev/apt/termux-main stable/main aarch64 diffutils aarch64 3.12-2 [163 kB]
Get:14 https://packages-cf.termux.dev/apt/termux-main stable/main aarch64 gzip aarch64 1.14-1 [87.5 kB]
Get:15 https://packages-cf.termux.dev/apt/termux-main stable/main aarch64 ncurses aarch64 6.6.20260307+really6.5.20250830 [558 kB]
Get:16 https://packages-cf.termux.dev/apt/termux-main stable/main aarch64 less aarch64 704 [139 kB]
Get:17 https://packages-cf.termux.dev/apt/termux-main stable/main aarch64 liblzma aarch64 5.8.3 [193 kB]
Get:18 https://packages-cf.termux.dev/apt/termux-main stable/main aarch64 xz-utils aarch64 5.8.3 [71.2 kB]
Get:19 https://packages-cf.termux.dev/apt/termux-main stable/main aarch64 libmd aarch64 1.1.0-1 [40.6 kB]
Get:20 https://packages-cf.termux.dev/apt/termux-main stable/main aarch64 attr aarch64 2.5.2-1 [52.6 kB]
Get:21 https://packages-cf.termux.dev/apt/termux-main stable/main aarch64 libacl aarch64 2.4.0 [124 kB]
Get:22 https://packages-cf.termux.dev/apt/termux-main stable/main aarch64 libandroid-glob aarch64 0.6-3 [7032 B]
Get:23 https://packages-cf.termux.dev/apt/termux-main stable/main aarch64 tar aarch64 1.35-3 [346 kB]
Get:24 https://packages-cf.termux.dev/apt/termux-main stable/main aarch64 zstd aarch64 1.5.7-1 [360 kB]
Get:25 https://packages-cf.termux.dev/apt/termux-main stable/main aarch64 dpkg aarch64 1.22.6-5 [308 kB]
Get:26 https://packages-cf.termux.dev/apt/termux-main stable/main aarch64 findutils aarch64 4.10.0-1 [251 kB]
Get:27 https://packages-cf.termux.dev/apt/termux-main stable/main aarch64 libgpg-error aarch64 1.58 [121 kB]
Get:28 https://packages-cf.termux.dev/apt/termux-main stable/main aarch64 libassuan aarch64 3.0.2-1 [73.9 kB]
Get:29 https://packages-cf.termux.dev/apt/termux-main stable/main aarch64 libgcrypt aarch64 1.11.2-1 [500 kB]
Get:30 https://packages-cf.termux.dev/apt/termux-main stable/main aarch64 libnpth aarch64 1.6-3 [11.2 kB]
Get:31 https://packages-cf.termux.dev/apt/termux-main stable/main aarch64 gpgv aarch64 2.5.17 [188 kB]
Get:32 https://packages-cf.termux.dev/apt/termux-main stable/main aarch64 grep aarch64 3.12-3 [128 kB]
Get:33 https://packages-cf.termux.dev/apt/termux-main stable/main aarch64 libtasn1 aarch64 4.21.0 [101 kB]
Get:34 https://packages-cf.termux.dev/apt/termux-main stable/main aarch64 libffi aarch64 3.5.2 [31.1 kB]
Get:35 https://packages-cf.termux.dev/apt/termux-main stable/main aarch64 p11-kit aarch64 0.26.4-1 [490 kB]
Get:36 https://packages-cf.termux.dev/apt/termux-main stable/main aarch64 libnettle aarch64 4.0+really3.10.2 [406 kB]
Get:37 https://packages-cf.termux.dev/apt/termux-main stable/main aarch64 libunistring aarch64 1.4.2 [562 kB]
Get:38 https://packages-cf.termux.dev/apt/termux-main stable/main aarch64 libidn2 aarch64 2.3.8-1 [105 kB]
Get:39 https://packages-cf.termux.dev/apt/termux-main stable/main aarch64 libngtcp2 aarch64 1.25.0 [174 kB]
Get:40 https://packages-cf.termux.dev/apt/termux-main stable/main aarch64 libevent aarch64 2.1.13 [203 kB]
Get:41 https://packages-cf.termux.dev/apt/termux-main stable/main aarch64 libnghttp2 aarch64 1.69.0 [95.6 kB]
Get:42 https://packages-cf.termux.dev/apt/termux-main stable/main aarch64 libunbound aarch64 1.25.2 [381 kB]
Get:43 https://packages-cf.termux.dev/apt/termux-main stable/main aarch64 libgnutls aarch64 3.8.13-1 [777 kB]
Get:44 https://packages-cf.termux.dev/apt/termux-main stable/main aarch64 liblz4 aarch64 1.10.0-1 [84.7 kB]
Get:45 https://packages-cf.termux.dev/apt/termux-main stable/main aarch64 sed aarch64 4.9-2 [118 kB]
Get:46 https://packages-cf.termux.dev/apt/termux-main stable/main aarch64 libnghttp3 aarch64 1.18.0 [69.7 kB]
Get:47 https://packages-cf.termux.dev/apt/termux-main stable/main aarch64 libssh2 aarch64 1.11.1-2 [219 kB]
Get:48 https://packages-cf.termux.dev/apt/termux-main stable/main aarch64 libcurl aarch64 8.21.0 [1017 kB]
Get:49 https://packages-cf.termux.dev/apt/termux-main stable/main aarch64 curl aarch64 8.21.0 [242 kB]
Get:50 https://packages-cf.termux.dev/apt/termux-main stable/main aarch64 dash aarch64 0.5.12-2 [65.8 kB]
Get:51 https://packages-cf.termux.dev/apt/termux-main stable/main aarch64 libmpfr aarch64 4.2.1-1 [272 kB]
Get:52 https://packages-cf.termux.dev/apt/termux-main stable/main aarch64 readline aarch64 8.3.3 [294 kB]
Get:53 https://packages-cf.termux.dev/apt/termux-main stable/main aarch64 gawk aarch64 5.3.2 [873 kB]
Get:54 https://packages-cf.termux.dev/apt/termux-main stable/main aarch64 procps aarch64 3.3.17-6 [143 kB]
Get:55 https://packages-cf.termux.dev/apt/termux-main stable/main aarch64 psmisc aarch64 23.7-1 [41.2 kB]
Get:56 https://packages-cf.termux.dev/apt/termux-main stable/main aarch64 termux-am all 0.8.0-2 [577 kB]
Get:57 https://packages-cf.termux.dev/apt/termux-main stable/main aarch64 termux-am-socket aarch64 1.5.0-1 [16.1 kB]
Get:58 https://packages-cf.termux.dev/apt/termux-main stable/main aarch64 termux-core aarch64 0.4.0-1 [198 kB]
Get:59 https://packages-cf.termux.dev/apt/termux-main stable/main aarch64 termux-exec aarch64 1:2.5.0-1 [287 kB]
Get:60 https://packages-cf.termux.dev/apt/termux-main stable/main aarch64 libandroid-posix-semaphore aarch64 0.1-4 [4076 B]
Get:61 https://packages-cf.termux.dev/apt/termux-main stable/main aarch64 libsmartcols aarch64 2.42.1-4 [103 kB]
Get:62 https://packages-cf.termux.dev/apt/termux-main stable/main aarch64 libcap-ng aarch64 2:0.9.3 [38.9 kB]
Get:63 https://packages-cf.termux.dev/apt/termux-main stable/main aarch64 util-linux aarch64 2.42.1-4 [788 kB]
Get:64 https://packages-cf.termux.dev/apt/termux-main stable/main aarch64 dialog aarch64 1.3-20260107-1 [101 kB]
Get:65 https://packages-cf.termux.dev/apt/termux-main stable/main aarch64 termux-tools aarch64 1.46.0+really1.45.0-1 [33.6 kB]
Get:66 https://packages-cf.termux.dev/apt/termux-main stable/main aarch64 termux-keyring all 3.13 [39.8 kB]
Get:67 https://packages-cf.termux.dev/apt/termux-main stable/main aarch64 xxhash aarch64 0.8.3-1 [76.6 kB]
Get:68 https://packages-cf.termux.dev/apt/termux-main stable/main aarch64 apt aarch64 2.8.1-2 [1031 kB]
Get:69 https://packages-cf.termux.dev/apt/termux-main stable/main aarch64 bash aarch64 5.3.9-1 [955 kB]
Get:70 https://packages-cf.termux.dev/apt/termux-main stable/main aarch64 command-not-found aarch64 3.5.0-4 [117 kB]
Get:71 https://packages-cf.termux.dev/apt/termux-main stable/main aarch64 debianutils aarch64 5.23.2-1 [16.8 kB]
Get:72 https://packages-cf.termux.dev/apt/termux-main stable/main aarch64 dos2unix aarch64 7.5.6 [65.3 kB]
Get:73 https://packages-cf.termux.dev/apt/termux-main stable/main aarch64 ed aarch64 1.22.5 [42.9 kB]
Get:74 https://packages-cf.termux.dev/apt/termux-main stable/main aarch64 inetutils aarch64 2.7 [240 kB]
Get:75 https://packages-cf.termux.dev/apt/termux-main stable/main aarch64 libtirpc aarch64 1.3.7-1 [124 kB]
Get:76 https://packages-cf.termux.dev/apt/termux-main stable/main aarch64 lsof aarch64 4.99.7 [124 kB]
Get:77 https://packages-cf.termux.dev/apt/termux-main stable/main aarch64 nano aarch64 9.1 [240 kB]
Get:78 https://packages-cf.termux.dev/apt/termux-main stable/main aarch64 net-tools aarch64 2.10.0-1 [118 kB]
Get:79 https://packages-cf.termux.dev/apt/termux-main stable/main aarch64 patch aarch64 2.8-1 [74.0 kB]
Get:80 https://packages-cf.termux.dev/apt/termux-main stable/main aarch64 unzip aarch64 6.0-10 [117 kB]
Fetched 21.8 MB in 7s (3057 kB/s)
(Reading database ... 4470 files and directories currently installed.)
Preparing to unpack .../ca-certificates_1%3a2026.07.16_all.deb ...
Unpacking ca-certificates (1:2026.07.16) over (1:2025.02.25) ...
Setting up ca-certificates (1:2026.07.16) ...
(Reading database ... 4470 files and directories currently installed.)
Preparing to unpack .../zlib_1.3.2_aarch64.deb ...
Unpacking zlib (1.3.2) over (1.3.1) ...
Setting up zlib (1.3.2) ...
(Reading database ... 4470 files and directories currently installed.)
Preparing to unpack .../openssl_1%3a3.6.3_aarch64.deb ...
Unpacking openssl (1:3.6.3) over (1:3.4.1) ...
Setting up openssl (1:3.6.3) ...

Configuration file '/data/data/com.termux/files/usr/etc/tls/openssl.cnf'
 ==> File on system created by you or by a script.
 ==> File also in package provided by package maintainer.
   What would you like to do about it ?  Your options are:
    Y or I  : install the package maintainer's version
    N or O  : keep your currently-installed version
      D     : show the differences between the versions
      Z     : start a shell to examine the situation
 The default action is to keep your current version.
*** openssl.cnf (Y/I/N/O/D/Z) [default=N] ? Y
Installing new version of config file /data/data/com.termux/files/usr/etc/tls/openssl.cnf ...
(Reading database ... 4471 files and directories currently installed.)
Preparing to unpack .../pcre2_10.47_aarch64.deb ...
Unpacking pcre2 (10.47) over (10.45) ...
Setting up pcre2 (10.47) ...
(Reading database ... 4473 files and directories currently installed.)
Preparing to unpack .../libandroid-selinux_14.0.0.11-1_aarch64.deb ...
Unpacking libandroid-selinux (14.0.0.11-1) over (14.0.0.11) ...
Setting up libandroid-selinux (14.0.0.11-1) ...
(Reading database ... 4473 files and directories currently installed.)
Preparing to unpack .../libiconv_1.18-1_aarch64.deb ...
Unpacking libiconv (1.18-1) over (1.18) ...
Setting up libiconv (1.18-1) ...
(Reading database ... 4473 files and directories currently installed.)
Preparing to unpack .../libandroid-support_29-1_aarch64.deb ...
Unpacking libandroid-support (29-1) over (29) ...
Setting up libandroid-support (29-1) ...
(Reading database ... 4473 files and directories currently installed.)
Preparing to unpack .../archives/libc++_29_aarch64.deb ...
Unpacking libc++ (29) over (27c) ...
Setting up libc++ (29) ...
(Reading database ... 4473 files and directories currently installed.)
Preparing to unpack .../libgmp_6.3.0-2_aarch64.deb ...
Unpacking libgmp (6.3.0-2) over (6.3.0-1) ...
Setting up libgmp (6.3.0-2) ...
(Reading database ... 4473 files and directories currently installed.)
Preparing to unpack .../coreutils_9.11-1_aarch64.deb ...
Unpacking coreutils (9.11-1) over (9.6-1) ...
Setting up coreutils (9.11-1) ...
update-alternatives: using /data/data/com.termux/files/usr/libexec/coreutils/cat to provide /data/data/com.termux/files/usr/bin/pager (pager) in auto mode
(Reading database ... 4474 files and directories currently installed.)
Preparing to unpack .../libbz2_1.0.8-8_aarch64.deb ...
Unpacking libbz2 (1.0.8-8) over (1.0.8-6) ...
Setting up libbz2 (1.0.8-8) ...
(Reading database ... 4474 files and directories currently installed.)
Preparing to unpack .../bzip2_1.0.8-8_aarch64.deb ...
Unpacking bzip2 (1.0.8-8) over (1.0.8-6) ...
Setting up bzip2 (1.0.8-8) ...
(Reading database ... 4474 files and directories currently installed.)
Preparing to unpack .../diffutils_3.12-2_aarch64.deb ...
Unpacking diffutils (3.12-2) over (3.11) ...
Setting up diffutils (3.12-2) ...
(Reading database ... 4474 files and directories currently installed.)
Preparing to unpack .../gzip_1.14-1_aarch64.deb ...
Unpacking gzip (1.14-1) over (1.13) ...
Setting up gzip (1.14-1) ...
(Reading database ... 4474 files and directories currently installed.)
Preparing to unpack .../ncurses_6.6.20260307+really6.5.20250830_aarch64.deb ...
Unpacking ncurses (6.6.20260307+really6.5.20250830) over (6.5.20240831-2) ...
Setting up ncurses (6.6.20260307+really6.5.20250830) ...
(Reading database ... 4478 files and directories currently installed.)
Preparing to unpack .../archives/less_704_aarch64.deb ...
Unpacking less (704) over (668) ...
Setting up less (704) ...
update-alternatives: using /data/data/com.termux/files/usr/bin/less to provide /data/data/com.termux/files/usr/bin/pager (pager) in auto mode
(Reading database ... 4479 files and directories currently installed.)
Preparing to unpack .../liblzma_5.8.3_aarch64.deb ...
Unpacking liblzma (5.8.3) over (5.8.0) ...
Setting up liblzma (5.8.3) ...
(Reading database ... 4479 files and directories currently installed.)
Preparing to unpack .../xz-utils_5.8.3_aarch64.deb ...
Unpacking xz-utils (5.8.3) over (5.8.0) ...
Setting up xz-utils (5.8.3) ...
(Reading database ... 4479 files and directories currently installed.)
Preparing to unpack .../libmd_1.1.0-1_aarch64.deb ...
Unpacking libmd (1.1.0-1) over (1.1.0) ...
Setting up libmd (1.1.0-1) ...
Selecting previously unselected package attr.
(Reading database ... 4479 files and directories currently installed.)
Preparing to unpack .../attr_2.5.2-1_aarch64.deb ...
Unpacking attr (2.5.2-1) ...
Setting up attr (2.5.2-1) ...
Selecting previously unselected package libacl.
(Reading database ... 4507 files and directories currently installed.)
Preparing to unpack .../libacl_2.4.0_aarch64.deb ...
Unpacking libacl (2.4.0) ...
Setting up libacl (2.4.0) ...
(Reading database ... 4572 files and directories currently installed.)
Preparing to unpack .../libandroid-glob_0.6-3_aarch64.deb ...
Unpacking libandroid-glob (0.6-3) over (0.6-2) ...
Setting up libandroid-glob (0.6-3) ...
(Reading database ... 4572 files and directories currently installed.)
Preparing to unpack .../tar_1.35-3_aarch64.deb ...
Unpacking tar (1.35-3) over (1.35) ...
Setting up tar (1.35-3) ...
(Reading database ... 4572 files and directories currently installed.)
Preparing to unpack .../zstd_1.5.7-1_aarch64.deb ...
Unpacking zstd (1.5.7-1) over (1.5.7) ...
Setting up zstd (1.5.7-1) ...
(Reading database ... 4572 files and directories currently installed.)
Preparing to unpack .../dpkg_1.22.6-5_aarch64.deb ...
Unpacking dpkg (1.22.6-5) over (1.22.6-1) ...
Setting up dpkg (1.22.6-5) ...
(Reading database ... 4572 files and directories currently installed.)
Preparing to unpack .../findutils_4.10.0-1_aarch64.deb ...
Unpacking findutils (4.10.0-1) over (4.10.0) ...
Setting up findutils (4.10.0-1) ...
(Reading database ... 4572 files and directories currently installed.)
Preparing to unpack .../libgpg-error_1.58_aarch64.deb ...
Unpacking libgpg-error (1.58) over (1.50) ...
Setting up libgpg-error (1.58) ...
(Reading database ... 4572 files and directories currently installed.)
Preparing to unpack .../libassuan_3.0.2-1_aarch64.deb ...
Unpacking libassuan (3.0.2-1) over (3.0.1-2) ...
Setting up libassuan (3.0.2-1) ...
(Reading database ... 4572 files and directories currently installed.)
Preparing to unpack .../libgcrypt_1.11.2-1_aarch64.deb ...
Unpacking libgcrypt (1.11.2-1) over (1.11.0) ...
Setting up libgcrypt (1.11.2-1) ...
(Reading database ... 4572 files and directories currently installed.)
Preparing to unpack .../libnpth_1.6-3_aarch64.deb ...
Unpacking libnpth (1.6-3) over (1.6-2) ...
Setting up libnpth (1.6-3) ...
(Reading database ... 4572 files and directories currently installed.)
Preparing to unpack .../gpgv_2.5.17_aarch64.deb ...
Unpacking gpgv (2.5.17) over (2.4.5-3) ...
Setting up gpgv (2.5.17) ...
(Reading database ... 4572 files and directories currently installed.)
Preparing to unpack .../grep_3.12-3_aarch64.deb ...
Unpacking grep (3.12-3) over (3.11) ...
Setting up grep (3.12-3) ...
Selecting previously unselected package libtasn1.
(Reading database ... 4572 files and directories currently installed.)
Preparing to unpack .../libtasn1_4.21.0_aarch64.deb ...
Unpacking libtasn1 (4.21.0) ...
Setting up libtasn1 (4.21.0) ...
Selecting previously unselected package libffi.
(Reading database ... 4625 files and directories currently installed.)
Preparing to unpack .../libffi_3.5.2_aarch64.deb ...
Unpacking libffi (3.5.2) ...
Setting up libffi (3.5.2) ...
Selecting previously unselected package p11-kit.
(Reading database ... 4636 files and directories currently installed.)
Preparing to unpack .../p11-kit_0.26.4-1_aarch64.deb ...
Unpacking p11-kit (0.26.4-1) ...
Setting up p11-kit (0.26.4-1) ...
(Reading database ... 4670 files and directories currently installed.)
Preparing to unpack .../libnettle_4.0+really3.10.2_aarch64.deb ...
Unpacking libnettle (4.0+really3.10.2) over (3.10.1) ...
Setting up libnettle (4.0+really3.10.2) ...
(Reading database ... 4670 files and directories currently installed.)
Preparing to unpack .../libunistring_1.4.2_aarch64.deb ...
Unpacking libunistring (1.4.2) over (1.3) ...
Setting up libunistring (1.4.2) ...
(Reading database ... 4670 files and directories currently installed.)
Preparing to unpack .../libidn2_2.3.8-1_aarch64.deb ...
Unpacking libidn2 (2.3.8-1) over (2.3.7) ...
Setting up libidn2 (2.3.8-1) ...
Selecting previously unselected package libngtcp2.
(Reading database ... 4670 files and directories currently installed.)
Preparing to unpack .../libngtcp2_1.25.0_aarch64.deb ...
Unpacking libngtcp2 (1.25.0) ...
Setting up libngtcp2 (1.25.0) ...
(Reading database ... 4688 files and directories currently installed.)
Preparing to unpack .../libevent_2.1.13_aarch64.deb ...
Unpacking libevent (2.1.13) over (2.1.12-2) ...
Setting up libevent (2.1.13) ...
(Reading database ... 4688 files and directories currently installed.)
Preparing to unpack .../libnghttp2_1.69.0_aarch64.deb ...
Unpacking libnghttp2 (1.69.0) over (1.65.0) ...
Setting up libnghttp2 (1.69.0) ...
(Reading database ... 4688 files and directories currently installed.)
Preparing to unpack .../libunbound_1.25.2_aarch64.deb ...
Unpacking libunbound (1.25.2) over (1.22.0) ...
Setting up libunbound (1.25.2) ...
(Reading database ... 4688 files and directories currently installed.)
Preparing to unpack .../libgnutls_3.8.13-1_aarch64.deb ...
Unpacking libgnutls (3.8.13-1) over (3.8.9) ...
Setting up libgnutls (3.8.13-1) ...
(Reading database ... 4689 files and directories currently installed.)
Preparing to unpack .../liblz4_1.10.0-1_aarch64.deb ...
Unpacking liblz4 (1.10.0-1) over (1.10.0) ...
Setting up liblz4 (1.10.0-1) ...
(Reading database ... 4689 files and directories currently installed.)
Preparing to unpack .../archives/sed_4.9-2_aarch64.deb ...
Unpacking sed (4.9-2) over (4.9-1) ...
Setting up sed (4.9-2) ...
(Reading database ... 4689 files and directories currently installed.)
Preparing to unpack .../libnghttp3_1.18.0_aarch64.deb ...
Unpacking libnghttp3 (1.18.0) over (1.8.0) ...
Setting up libnghttp3 (1.18.0) ...
(Reading database ... 4689 files and directories currently installed.)
Preparing to unpack .../libssh2_1.11.1-2_aarch64.deb ...
Unpacking libssh2 (1.11.1-2) over (1.11.1) ...
Setting up libssh2 (1.11.1-2) ...
(Reading database ... 4689 files and directories currently installed.)
Preparing to unpack .../libcurl_8.21.0_aarch64.deb ...
Unpacking libcurl (8.21.0) over (8.12.1) ...
Setting up libcurl (8.21.0) ...
(Reading database ... 4708 files and directories currently installed.)
Preparing to unpack .../curl_8.21.0_aarch64.deb ...
Unpacking curl (8.21.0) over (8.12.1) ...
Setting up curl (8.21.0) ...
(Reading database ... 4708 files and directories currently installed.)
Preparing to unpack .../dash_0.5.12-2_aarch64.deb ...
Unpacking dash (0.5.12-2) over (0.5.12) ...
Setting up dash (0.5.12-2) ...
(Reading database ... 4708 files and directories currently installed.)
Preparing to unpack .../libmpfr_4.2.1-1_aarch64.deb ...
Unpacking libmpfr (4.2.1-1) over (4.2.1) ...
Setting up libmpfr (4.2.1-1) ...
(Reading database ... 4708 files and directories currently installed.)
Preparing to unpack .../readline_8.3.3_aarch64.deb ...
Unpacking readline (8.3.3) over (8.2.13) ...
Setting up readline (8.3.3) ...
(Reading database ... 4713 files and directories currently installed.)
Preparing to unpack .../gawk_5.3.2_aarch64.deb ...
Unpacking gawk (5.3.2) over (5.3.0) ...
Setting up gawk (5.3.2) ...
(Reading database ... 4711 files and directories currently installed.)
Preparing to unpack .../procps_3.3.17-6_aarch64.deb ...
Unpacking procps (3.3.17-6) over (3.3.17-5) ...
Setting up procps (3.3.17-6) ...
(Reading database ... 4711 files and directories currently installed.)
Preparing to unpack .../psmisc_23.7-1_aarch64.deb ...
Unpacking psmisc (23.7-1) over (23.7) ...
Setting up psmisc (23.7-1) ...
(Reading database ... 4711 files and directories currently installed.)
Preparing to unpack .../termux-am_0.8.0-2_all.deb ...
Unpacking termux-am (0.8.0-2) over (0.8.0-1) ...
Setting up termux-am (0.8.0-2) ...
(Reading database ... 4711 files and directories currently installed.)
Preparing to unpack .../termux-am-socket_1.5.0-1_aarch64.deb ...
Unpacking termux-am-socket (1.5.0-1) over (1.5.0) ...
Setting up termux-am-socket (1.5.0-1) ...
(Reading database ... 4711 files and directories currently installed.)
Preparing to unpack .../termux-core_0.4.0-1_aarch64.deb ...
Unpacking termux-core (0.4.0-1) over (0.3.0) ...
Setting up termux-core (0.4.0-1) ...
(Reading database ... 4712 files and directories currently installed.)
Preparing to unpack .../termux-exec_1%3a2.5.0-1_aarch64.deb ...
Unpacking termux-exec (1:2.5.0-1) over (1:2.3.0) ...
Setting up termux-exec (1:2.5.0-1) ...
termux-exec.postinst: Start
termux-exec.postinst: Setting primary Termux '$LD_PRELOAD' library
termux-exec.postinst: android_build_version_sdk: '35'
termux-exec: Setting primary Termux '$LD_PRELOAD' library in 'libtermux-exec-ld-preload.so' to '/data/data/com.termux/files/usr/lib/libtermux-exec-direct-ld-preload.so'
termux-exec.postinst: End
Selecting previously unselected package libandroid-posix-semaphore.
(Reading database ... 4715 files and directories currently installed.)
Preparing to unpack .../libandroid-posix-semaphore_0.1-4_aarch64.deb ...
Unpacking libandroid-posix-semaphore (0.1-4) ...
Setting up libandroid-posix-semaphore (0.1-4) ...
(Reading database ... 4718 files and directories currently installed.)
Preparing to unpack .../libsmartcols_2.42.1-4_aarch64.deb ...
Unpacking libsmartcols (2.42.1-4) over (2.40.2-3) ...
Setting up libsmartcols (2.42.1-4) ...
(Reading database ... 4718 files and directories currently installed.)
Preparing to unpack .../libcap-ng_2%3a0.9.3_aarch64.deb ...
Unpacking libcap-ng (2:0.9.3) over (2:0.8.5) ...
Setting up libcap-ng (2:0.9.3) ...
(Reading database ... 4718 files and directories currently installed.)
Preparing to unpack .../util-linux_2.42.1-4_aarch64.deb ...
Unpacking util-linux (2.42.1-4) over (2.40.2-3) ...
Setting up util-linux (2.42.1-4) ...
(Reading database ... 4729 files and directories currently installed.)
Preparing to unpack .../dialog_1.3-20260107-1_aarch64.deb ...
Unpacking dialog (1.3-20260107-1) over (1.3-20240307-0) ...
Setting up dialog (1.3-20260107-1) ...
(Reading database ... 4729 files and directories currently installed.)
Preparing to unpack .../termux-tools_1.46.0+really1.45.0-1_aarch64.deb ...
Unpacking termux-tools (1.46.0+really1.45.0-1) over (1.45.0) ...
Setting up termux-tools (1.46.0+really1.45.0-1) ...
(Reading database ... 4729 files and directories currently installed.)
Preparing to unpack .../termux-keyring_3.13_all.deb ...
Unpacking termux-keyring (3.13) over (3.12-1) ...
Setting up termux-keyring (3.13) ...
(Reading database ... 4732 files and directories currently installed.)
Preparing to unpack .../xxhash_0.8.3-1_aarch64.deb ...
Unpacking xxhash (0.8.3-1) over (0.8.3) ...
Setting up xxhash (0.8.3-1) ...
(Reading database ... 4732 files and directories currently installed.)
Preparing to unpack .../apt_2.8.1-2_aarch64.deb ...
Unpacking apt (2.8.1-2) over (2.8.1-1) ...
Setting up apt (2.8.1-2) ...

Configuration file '/data/data/com.termux/files/usr/etc/apt/sources.list'
 ==> File on system created by you or by a script.
 ==> File also in package provided by package maintainer.
   What would you like to do about it ?  Your options are:
    Y or I  : install the package maintainer's version
    N or O  : keep your currently-installed version
      D     : show the differences between the versions
      Z     : start a shell to examine the situation
 The default action is to keep your current version.
*** sources.list (Y/I/N/O/D/Z) [default=N] ? Y
Installing new version of config file /data/data/com.termux/files/usr/etc/apt/sources.list ...
(Reading database ... 4732 files and directories currently installed.)
Preparing to unpack .../bash_5.3.9-1_aarch64.deb ...
Unpacking bash (5.3.9-1) over (5.2.37-2) ...
Setting up bash (5.3.9-1) ...

Configuration file '/data/data/com.termux/files/usr/etc/bash.bashrc'
 ==> File on system created by you or by a script.
 ==> File also in package provided by package maintainer.
   What would you like to do about it ?  Your options are:
    Y or I  : install the package maintainer's version
    N or O  : keep your currently-installed version
      D     : show the differences between the versions
      Z     : start a shell to examine the situation
 The default action is to keep your current version.
*** bash.bashrc (Y/I/N/O/D/Z) [default=N] ? Y
Installing new version of config file /data/data/com.termux/files/usr/etc/bash.bashrc ...
(Reading database ... 4739 files and directories currently installed.)
Preparing to unpack .../00-command-not-found_3.5.0-4_aarch64.deb ...
Unpacking command-not-found (3.5.0-4) over (2.4.0-68) ...
Preparing to unpack .../01-debianutils_5.23.2-1_aarch64.deb ...
Unpacking debianutils (5.23.2-1) over (5.21) ...
Preparing to unpack .../02-dos2unix_7.5.6_aarch64.deb ...
Unpacking dos2unix (7.5.6) over (7.5.2) ...
Preparing to unpack .../03-ed_1.22.5_aarch64.deb ...
Unpacking ed (1.22.5) over (1.21.1) ...
Preparing to unpack .../04-inetutils_2.7_aarch64.deb ...
Unpacking inetutils (2.7) over (2.6) ...
Preparing to unpack .../05-libtirpc_1.3.7-1_aarch64.deb ...
Unpacking libtirpc (1.3.7-1) over (1.3.6) ...
Preparing to unpack .../06-lsof_4.99.7_aarch64.deb ...
Unpacking lsof (4.99.7) over (4.99.4) ...
Preparing to unpack .../07-nano_9.1_aarch64.deb ...
Unpacking nano (9.1) over (8.3) ...
Preparing to unpack .../08-net-tools_2.10.0-1_aarch64.deb ...
Unpacking net-tools (2.10.0-1) over (2.10.0) ...
Preparing to unpack .../09-patch_2.8-1_aarch64.deb ...
Unpacking patch (2.8-1) over (2.7.6-4) ...
Preparing to unpack .../10-unzip_6.0-10_aarch64.deb ...
Unpacking unzip (6.0-10) over (6.0-9) ...
Setting up libtirpc (1.3.7-1) ...
Setting up net-tools (2.10.0-1) ...
Setting up inetutils (2.7) ...
Setting up unzip (6.0-10) ...
Setting up ed (1.22.5) ...
Setting up command-not-found (3.5.0-4) ...
Setting up patch (2.8-1) ...
Setting up lsof (4.99.7) ...
Setting up nano (9.1) ...
update-alternatives: updating alternative /data/data/com.termux/files/usr/bin/nano because link group editor has changed slave links
update-alternatives: warning: skipping updating manpage database as 'makewhatis' command from 'mandoc' package is not installed
Setting up debianutils (5.23.2-1) ...
Setting up dos2unix (7.5.6) ...
~ $ pkg update && pkg install git -y
git clone https://github.com/MedinaBytes/n8nmini.git n8nmini
cd n8nmini
bash bootstrap.sh
No mirror or mirror group selected. You might want to select one by running 'termux-change-repo'
Checking availability of current mirror:
[*] https://packages-cf.termux.dev/apt/termux-main/: ok
Hit:1 https://packages-cf.termux.dev/apt/termux-main stable InRelease
Reading package lists... Done
Building dependency tree... Done
Reading state information... Done
All packages are up to date.
No mirror or mirror group selected. You might want to select one by running 'termux-change-repo'
Checking availability of current mirror:
[*] https://packages-cf.termux.dev/apt/termux-main/: ok
Reading package lists... Done
Building dependency tree... Done
Reading state information... Done
The following additional packages will be installed:
  krb5 ldns libdb libedit libexpat libresolv-wrapper
  openssh openssh-sftp-server termux-auth
Suggested packages:
  perl termux-services
The following NEW packages will be installed:
  git krb5 ldns libdb libedit libexpat
  libresolv-wrapper openssh openssh-sftp-server
  termux-auth
0 upgraded, 10 newly installed, 0 to remove and 0 not upgraded.
Need to get 7412 kB of archives.
After this operation, 41.7 MB of additional disk space will be used.
Get:1 https://packages-cf.termux.dev/apt/termux-main stable/main aarch64 libexpat aarch64 2.8.2 [95.5 kB]
Get:2 https://packages-cf.termux.dev/apt/termux-main stable/main aarch64 git aarch64 2.55.0 [4487 kB]
Get:3 https://packages-cf.termux.dev/apt/termux-main stable/main aarch64 libresolv-wrapper aarch64 1.1.7-6 [11.5 kB]
Get:4 https://packages-cf.termux.dev/apt/termux-main stable/main aarch64 libdb aarch64 18.1.40-5 [509 kB]
Get:5 https://packages-cf.termux.dev/apt/termux-main stable/main aarch64 krb5 aarch64 1.22.2 [902 kB]
Get:6 https://packages-cf.termux.dev/apt/termux-main stable/main aarch64 ldns aarch64 1.8.4-1 [303 kB]
Get:7 https://packages-cf.termux.dev/apt/termux-main stable/main aarch64 libedit aarch64 20240517-3.1-1 [79.1 kB]
Get:8 https://packages-cf.termux.dev/apt/termux-main stable/main aarch64 openssh-sftp-server aarch64 10.4p1 [56.4 kB]
Get:9 https://packages-cf.termux.dev/apt/termux-main stable/main aarch64 termux-auth aarch64 1.5.0-1 [6996 B]
Get:10 https://packages-cf.termux.dev/apt/termux-main stable/main aarch64 openssh aarch64 10.4p1 [961 kB]
Fetched 7412 kB in 2s (3574 kB/s)
Selecting previously unselected package libexpat.
(Reading database ... 4738 files and directories currently installed.)
Preparing to unpack .../0-libexpat_2.8.2_aarch64.deb ...
Unpacking libexpat (2.8.2) ...
Selecting previously unselected package git.
Preparing to unpack .../1-git_2.55.0_aarch64.deb ...
Unpacking git (2.55.0) ...
Selecting previously unselected package libresolv-wrapper.
Preparing to unpack .../2-libresolv-wrapper_1.1.7-6_aarch64.deb ...
Unpacking libresolv-wrapper (1.1.7-6) ...
Selecting previously unselected package libdb.
Preparing to unpack .../3-libdb_18.1.40-5_aarch64.deb ...
Unpacking libdb (18.1.40-5) ...
Selecting previously unselected package krb5.
Preparing to unpack .../4-krb5_1.22.2_aarch64.deb ...
Unpacking krb5 (1.22.2) ...
Selecting previously unselected package ldns.
Preparing to unpack .../5-ldns_1.8.4-1_aarch64.deb ...
Unpacking ldns (1.8.4-1) ...
Selecting previously unselected package libedit.
Preparing to unpack .../6-libedit_20240517-3.1-1_aarch64.deb ...
Unpacking libedit (20240517-3.1-1) ...
Selecting previously unselected package openssh-sftp-server.
Preparing to unpack .../7-openssh-sftp-server_10.4p1_aarch64.deb ...
Unpacking openssh-sftp-server (10.4p1) ...
Selecting previously unselected package termux-auth.
Preparing to unpack .../8-termux-auth_1.5.0-1_aarch64.deb ...
Unpacking termux-auth (1.5.0-1) ...
Selecting previously unselected package openssh.
Preparing to unpack .../9-openssh_10.4p1_aarch64.deb ...
Unpacking openssh (10.4p1) ...
Setting up libedit (20240517-3.1-1) ...
Setting up openssh-sftp-server (10.4p1) ...
Setting up ldns (1.8.4-1) ...
Setting up libexpat (2.8.2) ...
Setting up git (2.55.0) ...
Setting up libresolv-wrapper (1.1.7-6) ...
Setting up termux-auth (1.5.0-1) ...
Setting up libdb (18.1.40-5) ...
Setting up krb5 (1.22.2) ...
Setting up openssh (10.4p1) ...
Generating public/private rsa key pair.
Your identification has been saved in /data/data/com.termux/files/usr/etc/ssh/ssh_host_rsa_key
Your public key has been saved in /data/data/com.termux/files/usr/etc/ssh/ssh_host_rsa_key.pub
The key fingerprint is:
SHA256:dttR+0Gsfyy7ke2wUYccGyFrUZyl3XGeoV6eQC64aC8 u0_a212@localhost
The key's randomart image is:
+---[RSA 3072]----+
|            o+o=o|
|          . o+==*|
|         . .o+==+|
|        . ..oo**.|
|       oS.. .o=+o|
|      .... o ..*o|
|       E .. . *.=|
|        .      O.|
|              +..|
+----[SHA256]-----+
Generating public/private ecdsa key pair.
Your identification has been saved in /data/data/com.termux/files/usr/etc/ssh/ssh_host_ecdsa_key
Your public key has been saved in /data/data/com.termux/files/usr/etc/ssh/ssh_host_ecdsa_key.pub
The key fingerprint is:
SHA256:QB5+M0zegIy3A2otTkbHcg0o+dqQIBc+zPKLIt3eBtk u0_a212@localhost
The key's randomart image is:
+---[ECDSA 256]---+
| ..+.=o.o        |
|=+= *+== o       |
|+*=* o+.* .      |
|ooB.. oo o       |
| O.. o .S        |
|.oooo E          |
|+ o ..           |
|o  . ..          |
|    ...          |
+----[SHA256]-----+
Generating public/private ed25519 key pair.
Your identification has been saved in /data/data/com.termux/files/usr/etc/ssh/ssh_host_ed25519_key
Your public key has been saved in /data/data/com.termux/files/usr/etc/ssh/ssh_host_ed25519_key.pub
The key fingerprint is:
SHA256:d1qbC0iNDD/HUEaQ+UqqXVu1J1AxMwMuikarejNNRZs u0_a212@localhost
The key's randomart image is:
+--[ED25519 256]--+
|        .==.*.   |
|      . o+  .=   |
|    ...oo...     |
|   . oE=.*o .    |
|    +..oS.=oo.   |
|   o. ..o=.+oo.  |
|  .o o ..oo oo   |
| .+ o . .  . .   |
|.. o        .    |
+----[SHA256]-----+

If you plan to use the 'ssh-agent'
it is recommended to run it as a service.
Run 'pkg i termux-services'
to install the ('runit') service manager

You can enable the ssh-agent service
using 'sv-enable ssh-agent'
You can also enable sshd to autostart
using 'sv-enable sshd'
Cloning into 'n8nmini'...
remote: Enumerating objects: 40, done.
remote: Counting objects: 100% (40/40), done.
remote: Compressing objects: 100% (25/25), done.
remote: Total 40 (delta 16), reused 34 (delta 10), pack-reused 0 (from 0)
Receiving objects: 100% (40/40), done.
Resolving deltas: 100% (16/16), done.
==========================================
       n8nmini Bootstrap Tool
==========================================
[1/5] Updating Termux packages...
No mirror or mirror group selected. You might want to select one by running 'termux-change-repo'
Checking availability of current mirror:
[*] https://packages-cf.termux.dev/apt/termux-main/: ok
Hit:1 https://packages-cf.termux.dev/apt/termux-main stable InRelease
Reading package lists... Done
Building dependency tree... Done
Reading state information... Done
All packages are up to date.
[2/5] Installing required Termux packages...
No mirror or mirror group selected. You might want to select one by running 'termux-change-repo'
Checking availability of current mirror:
[*] https://packages-cf.termux.dev/apt/termux-main/: ok
Reading package lists... Done
Building dependency tree... Done
Reading state information... Done
curl is already the newest version (8.21.0).
git is already the newest version (2.55.0).
nano is already the newest version (9.1).
The following additional packages will be installed:
  clang gdbm glib libandroid-shmem libcompiler-rt
  libcrypt libicu libllvm libsqlite libtalloc libuuid
  libxml2 lld llvm make ncurses-ui-libs ndk-sysroot
  pkg-config proot python python-ensurepip-wheels
  python-pip
Suggested packages:
  bash-completion termux-api zsh-completions
  python-tkinter
The following NEW packages will be installed:
  clang gdbm glib libandroid-shmem libcompiler-rt
  libcrypt libicu libllvm libsqlite libtalloc libuuid
  libxml2 lld llvm make ncurses-ui-libs ndk-sysroot
  pkg-config proot proot-distro python
  python-ensurepip-wheels python-pip wget
0 upgraded, 24 newly installed, 0 to remove and 0 not upgraded.
Need to get 107 MB of archives.
After this operation, 637 MB of additional disk space will be used.
Get:1 https://packages-cf.termux.dev/apt/termux-main stable/main aarch64 libcompiler-rt aarch64 21.1.8-3 [3025 kB]
Get:2 https://packages-cf.termux.dev/apt/termux-main stable/main aarch64 libicu aarch64 78.3 [10.2 MB]
Get:3 https://packages-cf.termux.dev/apt/termux-main stable/main aarch64 libxml2 aarch64 2.15.3-2 [442 kB]
Get:4 https://packages-cf.termux.dev/apt/termux-main stable/main aarch64 libllvm aarch64 21.1.8-3 [30.7 MB]
Get:5 https://packages-cf.termux.dev/apt/termux-main stable/main aarch64 lld aarch64 21.1.8-3 [2812 kB]
Get:6 https://packages-cf.termux.dev/apt/termux-main stable/main aarch64 llvm aarch64 21.1.8-3 [14.9 MB]
Get:7 https://packages-cf.termux.dev/apt/termux-main stable/main aarch64 ndk-sysroot aarch64 29-2 [1952 kB]
Get:8 https://packages-cf.termux.dev/apt/termux-main stable/main aarch64 clang aarch64 21.1.8-3 [30.7 MB]
Get:9 https://packages-cf.termux.dev/apt/termux-main stable/main aarch64 gdbm aarch64 1.26-1 [150 kB]
Get:10 https://packages-cf.termux.dev/apt/termux-main stable/main aarch64 libcrypt aarch64 0.2-6 [8880 B]
Get:11 https://packages-cf.termux.dev/apt/termux-main stable/main aarch64 libsqlite aarch64 3.53.4 [760 kB]
Get:12 https://packages-cf.termux.dev/apt/termux-main stable/main aarch64 ncurses-ui-libs aarch64 6.6.20260307+really6.5.20250830 [32.9 kB]
Get:13 https://packages-cf.termux.dev/apt/termux-main stable/main aarch64 python aarch64 3.14.6-1 [4817 kB]
Get:14 https://packages-cf.termux.dev/apt/termux-main stable/main aarch64 glib aarch64 2.88.2-1 [2559 kB]
Get:15 https://packages-cf.termux.dev/apt/termux-main stable/main aarch64 libandroid-shmem aarch64 0.7 [7216 B]
Get:16 https://packages-cf.termux.dev/apt/termux-main stable/main aarch64 libtalloc aarch64 2.4.3 [33.1 kB]
Get:17 https://packages-cf.termux.dev/apt/termux-main stable/main aarch64 libuuid aarch64 2.42.1-4 [15.4 kB]
Get:18 https://packages-cf.termux.dev/apt/termux-main stable/main aarch64 make aarch64 4.4.1-1 [240 kB]
Get:19 https://packages-cf.termux.dev/apt/termux-main stable/main aarch64 pkg-config aarch64 0.29.2-3 [32.8 kB]
Get:20 https://packages-cf.termux.dev/apt/termux-main stable/main aarch64 proot aarch64 5.1.107.87 [95.3 kB]
Get:21 https://packages-cf.termux.dev/apt/termux-main stable/main aarch64 python-pip all 26.1.2-1 [1190 kB]
Get:22 https://packages-cf.termux.dev/apt/termux-main stable/main aarch64 proot-distro all 5.5.0 [157 kB]
Get:23 https://packages-cf.termux.dev/apt/termux-main stable/main aarch64 python-ensurepip-wheels all 3.14.6-1 [1740 kB]
Get:24 https://packages-cf.termux.dev/apt/termux-main stable/main aarch64 wget aarch64 1.25.0-1 [281 kB]
Fetched 107 MB in 26s (4164 kB/s)
Selecting previously unselected package libcompiler-rt.
(Reading database ... 6039 files and directories currently installed.)
Preparing to unpack .../00-libcompiler-rt_21.1.8-3_aarch64.deb ...
Unpacking libcompiler-rt (21.1.8-3) ...
Selecting previously unselected package libicu.
Preparing to unpack .../01-libicu_78.3_aarch64.deb ...
Unpacking libicu (78.3) ...
Selecting previously unselected package libxml2.
Preparing to unpack .../02-libxml2_2.15.3-2_aarch64.deb ...
Unpacking libxml2 (2.15.3-2) ...
Selecting previously unselected package libllvm.
Preparing to unpack .../03-libllvm_21.1.8-3_aarch64.deb ...
Unpacking libllvm (21.1.8-3) ...
Selecting previously unselected package lld.
Preparing to unpack .../04-lld_21.1.8-3_aarch64.deb ...
Unpacking lld (21.1.8-3) ...
Selecting previously unselected package llvm.
Preparing to unpack .../05-llvm_21.1.8-3_aarch64.deb ...
Unpacking llvm (21.1.8-3) ...
Selecting previously unselected package ndk-sysroot.
Preparing to unpack .../06-ndk-sysroot_29-2_aarch64.deb ...
Unpacking ndk-sysroot (29-2) ...
Selecting previously unselected package clang.
Preparing to unpack .../07-clang_21.1.8-3_aarch64.deb ...
Unpacking clang (21.1.8-3) ...
Selecting previously unselected package gdbm.
Preparing to unpack .../08-gdbm_1.26-1_aarch64.deb ...
Unpacking gdbm (1.26-1) ...
Selecting previously unselected package libcrypt.
Preparing to unpack .../09-libcrypt_0.2-6_aarch64.deb ...
Unpacking libcrypt (0.2-6) ...
Selecting previously unselected package libsqlite.
Preparing to unpack .../10-libsqlite_3.53.4_aarch64.deb ...
Unpacking libsqlite (3.53.4) ...
Selecting previously unselected package ncurses-ui-libs.
Preparing to unpack .../11-ncurses-ui-libs_6.6.20260307+really6.5.20250830_aarch64.deb ...
Unpacking ncurses-ui-libs (6.6.20260307+really6.5.20250830) ...
Selecting previously unselected package python.
Preparing to unpack .../12-python_3.14.6-1_aarch64.deb ...
Unpacking python (3.14.6-1) ...
Selecting previously unselected package glib.
Preparing to unpack .../13-glib_2.88.2-1_aarch64.deb ...
Unpacking glib (2.88.2-1) ...
Selecting previously unselected package libandroid-shmem.
Preparing to unpack .../14-libandroid-shmem_0.7_aarch64.deb ...
Unpacking libandroid-shmem (0.7) ...
Selecting previously unselected package libtalloc.
Preparing to unpack .../15-libtalloc_2.4.3_aarch64.deb ...
Unpacking libtalloc (2.4.3) ...
Selecting previously unselected package libuuid.
Preparing to unpack .../16-libuuid_2.42.1-4_aarch64.deb ...
Unpacking libuuid (2.42.1-4) ...
Selecting previously unselected package make.
Preparing to unpack .../17-make_4.4.1-1_aarch64.deb ...
Unpacking make (4.4.1-1) ...
Selecting previously unselected package pkg-config.
Preparing to unpack .../18-pkg-config_0.29.2-3_aarch64.deb ...
Unpacking pkg-config (0.29.2-3) ...
Selecting previously unselected package proot.
Preparing to unpack .../19-proot_5.1.107.87_aarch64.deb ...
Unpacking proot (5.1.107.87) ...
Selecting previously unselected package python-pip.
Preparing to unpack .../20-python-pip_26.1.2-1_all.deb ...
Unpacking python-pip (26.1.2-1) ...
Selecting previously unselected package proot-distro.
Preparing to unpack .../21-proot-distro_5.5.0_all.deb ...
Unpacking proot-distro (5.5.0) ...
Selecting previously unselected package python-ensurepip-wheels.
Preparing to unpack .../22-python-ensurepip-wheels_3.14.6-1_all.deb ...
Unpacking python-ensurepip-wheels (3.14.6-1) ...
Selecting previously unselected package wget.
Preparing to unpack .../23-wget_1.25.0-1_aarch64.deb ...
Unpacking wget (1.25.0-1) ...
Setting up libuuid (2.42.1-4) ...
Setting up wget (1.25.0-1) ...
Setting up gdbm (1.26-1) ...
Setting up libandroid-shmem (0.7) ...
Setting up ndk-sysroot (29-2) ...
Setting up libicu (78.3) ...
Setting up libsqlite (3.53.4) ...
Setting up libcrypt (0.2-6) ...
Setting up ncurses-ui-libs (6.6.20260307+really6.5.20250830) ...
Setting up make (4.4.1-1) ...
Setting up libcompiler-rt (21.1.8-3) ...
Setting up libtalloc (2.4.3) ...
Setting up python (3.14.6-1) ...
Setting up libxml2 (2.15.3-2) ...
Setting up proot (5.1.107.87) ...
Setting up python-ensurepip-wheels (3.14.6-1) ...
Setting up python-pip (26.1.2-1) ...
pip setup...
Writing to /data/data/com.termux/files/usr/etc/pip.conf
Setting up libllvm (21.1.8-3) ...
Setting up proot-distro (5.5.0) ...
Installing dependencies for proot-distro through pip...
Requirement already satisfied: proot-distro in ./data/data/com.termux/files/usr/lib/python3.14/site-packages (5.5.0)
Setting up glib (2.88.2-1) ...
No schema files found: doing nothing.
Setting up lld (21.1.8-3) ...
Setting up pkg-config (0.29.2-3) ...
Setting up llvm (21.1.8-3) ...
Setting up clang (21.1.8-3) ...
[3/5] Checking for Ubuntu installation...
Ubuntu not found. Installing via proot-distro...
[*] Installing 'ubuntu:latest' as 'ubuntu'...
[*] Authenticating with registry (anonymous)...
[*] Fetching manifest for 'ubuntu'...
[*] Fetching aarch64 manifest...
[*] 55237ac9880d: Downloading layer 1/2 (38.8 MiB)...
[*] 55237ac9880d: Applying layer 1/2...
[*] 693710ba2039: Downloading layer 2/2 (392 B)...
[*] 693710ba2039: Applying layer 2/2...
[*] Updating '/etc/resolv.conf'...
[*] Updating '/etc/hosts'...
[*] Registering Android-specific UIDs and GIDs...
[*] Finished installation.

Start shell: proot-distro login ubuntu

[4/5] Launching setup inside Ubuntu...
Get:1 http://ports.ubuntu.com/ubuntu-ports resolute InRelease [136 kB]
Get:2 http://ports.ubuntu.com/ubuntu-ports resolute-updates InRelease [137 kB]
Get:3 http://ports.ubuntu.com/ubuntu-ports resolute-backports InRelease [136 kB]
Get:4 http://ports.ubuntu.com/ubuntu-ports resolute-security InRelease [137 kB]
Get:5 http://ports.ubuntu.com/ubuntu-ports resolute/main arm64 Packages [1860 kB]
Get:6 http://ports.ubuntu.com/ubuntu-ports resolute/universe arm64 Packages [19.9 MB]
Get:7 http://ports.ubuntu.com/ubuntu-ports resolute/multiverse arm64 Packages [298 kB]
Get:8 http://ports.ubuntu.com/ubuntu-ports resolute/restricted arm64 Packages [231 kB]
Get:9 http://ports.ubuntu.com/ubuntu-ports resolute-updates/restricted arm64 Packages [484 kB]
Get:10 http://ports.ubuntu.com/ubuntu-ports resolute-updates/multiverse arm64 Packages [13.3 kB]
Get:11 http://ports.ubuntu.com/ubuntu-ports resolute-updates/universe arm64 Packages [272 kB]
Get:12 http://ports.ubuntu.com/ubuntu-ports resolute-updates/main arm64 Packages [518 kB]
Get:13 http://ports.ubuntu.com/ubuntu-ports resolute-backports/universe arm64 Packages [567 B]
Get:14 http://ports.ubuntu.com/ubuntu-ports resolute-security/multiverse arm64 Packages [11.2 kB]
Get:15 http://ports.ubuntu.com/ubuntu-ports resolute-security/main arm64 Packages [429 kB]
Get:16 http://ports.ubuntu.com/ubuntu-ports resolute-security/universe arm64 Packages [180 kB]
Get:17 http://ports.ubuntu.com/ubuntu-ports resolute-security/restricted arm64 Packages [451 kB]
Fetched 25.2 MB in 9s (2802 kB/s)
Reading package lists... Done
Reading package lists... Done
Building dependency tree... Done
Reading state information... Done
Solving dependencies... Done
The following additional packages will be installed:
  adduser bash-completion ca-certificates git-man
  krb5-locales less libbrotli1 libcbor0.10
  libcurl3t64-gnutls libcurl4t64 libedit2
  liberror-perl libexpat1 libffi8 libfido2-1
  libgdbm-compat4t64 libgdbm6t64 libgnutls30t64
  libgssapi-krb5-2 libhogweed6t64 libidn2-0
  libk5crypto3 libkeyutils1 libkrb5-3 libkrb5support0
  libldap-common libldap2 libnettle8t64 libnghttp2-14
  libp11-kit0 libperl5.40 libpsl5t64 librtmp1
  libsasl2-2 libsasl2-modules libsasl2-modules-db
  libssh2-1t64 libtasn1-6 libunistring5 libx11-6
  libx11-data libxau6 libxcb1 libxdmcp6 libxext6
  libxmuu1 netbase openssh-client openssl patch perl
  perl-modules-5.40 publicsuffix xauth
Suggested packages:
  liblocale-gettext-perl cron quota ecryptfs-utils
  gettext-base git-doc git-email git-gui gitk gitweb
  git-cvs git-svn gdbm-l10n gnutls-bin krb5-doc
  krb5-user libsasl2-modules-gssapi-mit
  | libsasl2-modules-gssapi-heimdal
  libsasl2-modules-ldap libsasl2-modules-otp
  libsasl2-modules-sql keychain libpam-ssh
  monkeysphere ssh-askpass ed diffutils-doc perl-doc
  libterm-readline-gnu-perl
  | libterm-readline-perl-perl make
  libtap-harness-archive-perl
The following NEW packages will be installed:
  adduser bash-completion ca-certificates curl git
  git-man krb5-locales less libbrotli1 libcbor0.10
  libcurl3t64-gnutls libcurl4t64 libedit2
  liberror-perl libexpat1 libffi8 libfido2-1
  libgdbm-compat4t64 libgdbm6t64 libgnutls30t64
  libgssapi-krb5-2 libhogweed6t64 libidn2-0
  libk5crypto3 libkeyutils1 libkrb5-3 libkrb5support0
  libldap-common libldap2 libnettle8t64 libnghttp2-14
  libp11-kit0 libperl5.40 libpsl5t64 librtmp1
  libsasl2-2 libsasl2-modules libsasl2-modules-db
  libssh2-1t64 libtasn1-6 libunistring5 libx11-6
  libx11-data libxau6 libxcb1 libxdmcp6 libxext6
  libxmuu1 netbase openssh-client openssl patch perl
  perl-modules-5.40 publicsuffix wget xauth
0 upgraded, 57 newly installed, 0 to remove and 8 not upgraded.
Need to get 23.5 MB of archives.
After this operation, 114 MB of additional disk space will be used.
Get:1 http://ports.ubuntu.com/ubuntu-ports resolute/main arm64 libexpat1 arm64 2.7.4-1 [85.7 kB]
Get:2 http://ports.ubuntu.com/ubuntu-ports resolute/main arm64 adduser all 3.153ubuntu1 [194 kB]
Get:3 http://ports.ubuntu.com/ubuntu-ports resolute-updates/main arm64 openssl arm64 3.5.5-1ubuntu3.2 [1223 kB]
Get:4 http://ports.ubuntu.com/ubuntu-ports resolute-updates/main arm64 ca-certificates all 20260601~26.04.1 [139 kB]
Get:5 http://ports.ubuntu.com/ubuntu-ports resolute-updates/main arm64 krb5-locales all 1.22.1-2ubuntu4.1 [13.6 kB]
Get:6 http://ports.ubuntu.com/ubuntu-ports resolute/main arm64 less arm64 668-1build1 [171 kB]
Get:7 http://ports.ubuntu.com/ubuntu-ports resolute/main arm64 libedit2 arm64 3.1-20251016-1 [96.3 kB]
Get:8 http://ports.ubuntu.com/ubuntu-ports resolute/main arm64 libffi8 arm64 3.5.2-4 [24.4 kB]
Get:9 http://ports.ubuntu.com/ubuntu-ports resolute/main arm64 libnettle8t64 arm64 3.10.2-1 [190 kB]
Get:10 http://ports.ubuntu.com/ubuntu-ports resolute/main arm64 libhogweed6t64 arm64 3.10.2-1 [200 kB]
Get:11 http://ports.ubuntu.com/ubuntu-ports resolute/main arm64 libunistring5 arm64 1.3-2build1 [601 kB]
Get:12 http://ports.ubuntu.com/ubuntu-ports resolute/main arm64 libidn2-0 arm64 2.3.8-4build1 [68.3 kB]
Get:13 http://ports.ubuntu.com/ubuntu-ports resolute/main arm64 libp11-kit0 arm64 0.26.2-2 [306 kB]
Get:14 http://ports.ubuntu.com/ubuntu-ports resolute/main arm64 libtasn1-6 arm64 4.21.0-2 [44.4 kB]
Get:15 http://ports.ubuntu.com/ubuntu-ports resolute-updates/main arm64 libgnutls30t64 arm64 3.8.12-2ubuntu1.1 [957 kB]
Get:16 http://ports.ubuntu.com/ubuntu-ports resolute-updates/main arm64 libkrb5support0 arm64 1.22.1-2ubuntu4.1 [33.5 kB]
Get:17 http://ports.ubuntu.com/ubuntu-ports resolute-updates/main arm64 libk5crypto3 arm64 1.22.1-2ubuntu4.1 [82.2 kB]
Get:18 http://ports.ubuntu.com/ubuntu-ports resolute/main arm64 libkeyutils1 arm64 1.6.3-6ubuntu3 [10.8 kB]
Get:19 http://ports.ubuntu.com/ubuntu-ports resolute-updates/main arm64 libkrb5-3 arm64 1.22.1-2ubuntu4.1 [357 kB]
Get:20 http://ports.ubuntu.com/ubuntu-ports resolute-updates/main arm64 libgssapi-krb5-2 arm64 1.22.1-2ubuntu4.1 [144 kB]
Get:21 http://ports.ubuntu.com/ubuntu-ports resolute/main arm64 netbase all 6.5build1 [13.0 kB]
Get:22 http://ports.ubuntu.com/ubuntu-ports resolute/main arm64 bash-completion all 1:2.16.0-8build1 [214 kB]
Get:23 http://ports.ubuntu.com/ubuntu-ports resolute/main arm64 libcbor0.10 arm64 0.10.2-2ubuntu3 [25.2 kB]
Get:24 http://ports.ubuntu.com/ubuntu-ports resolute/main arm64 libfido2-1 arm64 1.16.0-2build1 [83.1 kB]
Get:25 http://ports.ubuntu.com/ubuntu-ports resolute/main arm64 libgdbm6t64 arm64 1.26-1build1 [36.1 kB]
Get:26 http://ports.ubuntu.com/ubuntu-ports resolute-updates/main arm64 libnghttp2-14 arm64 1.68.0-2ubuntu0.2 [70.7 kB]
Get:27 http://ports.ubuntu.com/ubuntu-ports resolute/main arm64 libpsl5t64 arm64 0.21.2-1.1build2 [59.7 kB]
Get:28 http://ports.ubuntu.com/ubuntu-ports resolute/main arm64 libxau6 arm64 1:1.0.11-1build2 [7644 B]
Get:29 http://ports.ubuntu.com/ubuntu-ports resolute/main arm64 libxdmcp6 arm64 1:1.1.5-2 [10.9 kB]
Get:30 http://ports.ubuntu.com/ubuntu-ports resolute/main arm64 libxcb1 arm64 1.17.0-2ubuntu1 [49.2 kB]
Get:31 http://ports.ubuntu.com/ubuntu-ports resolute/main arm64 libx11-data all 2:1.8.13-1 [114 kB]
Get:32 http://ports.ubuntu.com/ubuntu-ports resolute/main arm64 libx11-6 arm64 2:1.8.13-1 [652 kB]
Get:33 http://ports.ubuntu.com/ubuntu-ports resolute/main arm64 libxext6 arm64 2:1.3.4-1build3 [30.2 kB]
Get:34 http://ports.ubuntu.com/ubuntu-ports resolute/main arm64 libxmuu1 arm64 2:1.1.3-4 [9368 B]
Get:35 http://ports.ubuntu.com/ubuntu-ports resolute-updates/main arm64 openssh-client arm64 1:10.2p1-2ubuntu3.5 [905 kB]
Get:36 http://ports.ubuntu.com/ubuntu-ports resolute/main arm64 publicsuffix all 20260129.1928-1 [139 kB]
Get:37 http://ports.ubuntu.com/ubuntu-ports resolute-updates/main arm64 wget arm64 1.25.0-2ubuntu4.3 [344 kB]
Get:38 http://ports.ubuntu.com/ubuntu-ports resolute/main arm64 xauth arm64 1:1.1.2-1.1build1 [25.4 kB]
Get:39 http://ports.ubuntu.com/ubuntu-ports resolute/main arm64 libbrotli1 arm64 1.2.0-3build1 [345 kB]
Get:40 http://ports.ubuntu.com/ubuntu-ports resolute/main arm64 libsasl2-modules-db arm64 2.1.28+dfsg1-9ubuntu3 [21.6 kB]
Get:41 http://ports.ubuntu.com/ubuntu-ports resolute/main arm64 libsasl2-2 arm64 2.1.28+dfsg1-9ubuntu3 [53.7 kB]
Get:42 http://ports.ubuntu.com/ubuntu-ports resolute/main arm64 libldap-common all 2.6.10+dfsg-1ubuntu5 [36.0 kB]
Get:43 http://ports.ubuntu.com/ubuntu-ports resolute/main arm64 libldap2 arm64 2.6.10+dfsg-1ubuntu5 [200 kB]
Get:44 http://ports.ubuntu.com/ubuntu-ports resolute/main arm64 librtmp1 arm64 2.4+20151223.gitfa8646d.1-3 [58.7 kB]
Get:45 http://ports.ubuntu.com/ubuntu-ports resolute-updates/main arm64 libssh2-1t64 arm64 1.11.1-1ubuntu0.26.04.3 [133 kB]
Get:46 http://ports.ubuntu.com/ubuntu-ports resolute-updates/main arm64 libcurl4t64 arm64 8.18.0-1ubuntu2.3 [413 kB]
Get:47 http://ports.ubuntu.com/ubuntu-ports resolute-updates/main arm64 curl arm64 8.18.0-1ubuntu2.3 [268 kB]
Get:48 http://ports.ubuntu.com/ubuntu-ports resolute-updates/main arm64 libcurl3t64-gnutls arm64 8.18.0-1ubuntu2.3 [405 kB]
Get:49 http://ports.ubuntu.com/ubuntu-ports resolute-updates/main arm64 perl-modules-5.40 all 5.40.1-7ubuntu0.1 [3212 kB]
Get:50 http://ports.ubuntu.com/ubuntu-ports resolute/main arm64 libgdbm-compat4t64 arm64 1.26-1build1 [6650 B]
Get:51 http://ports.ubuntu.com/ubuntu-ports resolute-updates/main arm64 libperl5.40 arm64 5.40.1-7ubuntu0.1 [4780 kB]
Get:52 http://ports.ubuntu.com/ubuntu-ports resolute-updates/main arm64 perl arm64 5.40.1-7ubuntu0.1 [262 kB]
Get:53 http://ports.ubuntu.com/ubuntu-ports resolute/main arm64 liberror-perl all 0.17030-1 [23.5 kB]
Get:54 http://ports.ubuntu.com/ubuntu-ports resolute/main arm64 git-man all 1:2.53.0-1ubuntu1 [1202 kB]
Get:55 http://ports.ubuntu.com/ubuntu-ports resolute/main arm64 git arm64 1:2.53.0-1ubuntu1 [4232 kB]
Get:56 http://ports.ubuntu.com/ubuntu-ports resolute/main arm64 libsasl2-modules arm64 2.1.28+dfsg1-9ubuntu3 [70.0 kB]
Get:57 http://ports.ubuntu.com/ubuntu-ports resolute/main arm64 patch arm64 2.8-2build1 [93.4 kB]
Fetched 23.5 MB in 7s (3351 kB/s)
Extracting templates from packages: 100%
Preconfiguring packages ...
Selecting previously unselected package libexpat1:arm64.
(Reading database ... 7720 files and directories currently installed.)
Preparing to unpack .../libexpat1_2.7.4-1_arm64.deb ...
Unpacking libexpat1:arm64 (2.7.4-1) ...
Selecting previously unselected package adduser.
Preparing to unpack .../adduser_3.153ubuntu1_all.deb ...
Unpacking adduser (3.153ubuntu1) ...
Setting up adduser (3.153ubuntu1) ...
Selecting previously unselected package openssl.
(Reading database ... 7812 files and directories currently installed.)
Preparing to unpack .../00-openssl_3.5.5-1ubuntu3.2_arm64.deb ...
Unpacking openssl (3.5.5-1ubuntu3.2) ...
Selecting previously unselected package ca-certificates.
Preparing to unpack .../01-ca-certificates_20260601~26.04.1_all.deb ...
Unpacking ca-certificates (20260601~26.04.1) ...
Selecting previously unselected package krb5-locales.
Preparing to unpack .../02-krb5-locales_1.22.1-2ubuntu4.1_all.deb ...
Unpacking krb5-locales (1.22.1-2ubuntu4.1) ...
Selecting previously unselected package less.
Preparing to unpack .../03-less_668-1build1_arm64.deb ...
Unpacking less (668-1build1) ...
Selecting previously unselected package libedit2:arm64.
Preparing to unpack .../04-libedit2_3.1-20251016-1_arm64.deb ...
Unpacking libedit2:arm64 (3.1-20251016-1) ...
Selecting previously unselected package libffi8:arm64.
Preparing to unpack .../05-libffi8_3.5.2-4_arm64.deb ...
Unpacking libffi8:arm64 (3.5.2-4) ...
Selecting previously unselected package libnettle8t64:arm64.
Preparing to unpack .../06-libnettle8t64_3.10.2-1_arm64.deb ...
Unpacking libnettle8t64:arm64 (3.10.2-1) ...
Selecting previously unselected package libhogweed6t64:arm64.
Preparing to unpack .../07-libhogweed6t64_3.10.2-1_arm64.deb ...
Unpacking libhogweed6t64:arm64 (3.10.2-1) ...
Selecting previously unselected package libunistring5:arm64.
Preparing to unpack .../08-libunistring5_1.3-2build1_arm64.deb ...
Unpacking libunistring5:arm64 (1.3-2build1) ...
Selecting previously unselected package libidn2-0:arm64.
Preparing to unpack .../09-libidn2-0_2.3.8-4build1_arm64.deb ...
Unpacking libidn2-0:arm64 (2.3.8-4build1) ...
Selecting previously unselected package libp11-kit0:arm64.
Preparing to unpack .../10-libp11-kit0_0.26.2-2_arm64.deb ...
Unpacking libp11-kit0:arm64 (0.26.2-2) ...
Selecting previously unselected package libtasn1-6:arm64.
Preparing to unpack .../11-libtasn1-6_4.21.0-2_arm64.deb ...
Unpacking libtasn1-6:arm64 (4.21.0-2) ...
Selecting previously unselected package libgnutls30t64:arm64.
Preparing to unpack .../12-libgnutls30t64_3.8.12-2ubuntu1.1_arm64.deb ...
Unpacking libgnutls30t64:arm64 (3.8.12-2ubuntu1.1) ...
Selecting previously unselected package libkrb5support0:arm64.
Preparing to unpack .../13-libkrb5support0_1.22.1-2ubuntu4.1_arm64.deb ...
Unpacking libkrb5support0:arm64 (1.22.1-2ubuntu4.1) ...
Selecting previously unselected package libk5crypto3:arm64.
Preparing to unpack .../14-libk5crypto3_1.22.1-2ubuntu4.1_arm64.deb ...
Unpacking libk5crypto3:arm64 (1.22.1-2ubuntu4.1) ...
Selecting previously unselected package libkeyutils1:arm64.
Preparing to unpack .../15-libkeyutils1_1.6.3-6ubuntu3_arm64.deb ...
Unpacking libkeyutils1:arm64 (1.6.3-6ubuntu3) ...
Selecting previously unselected package libkrb5-3:arm64.
Preparing to unpack .../16-libkrb5-3_1.22.1-2ubuntu4.1_arm64.deb ...
Unpacking libkrb5-3:arm64 (1.22.1-2ubuntu4.1) ...
Selecting previously unselected package libgssapi-krb5-2:arm64.
Preparing to unpack .../17-libgssapi-krb5-2_1.22.1-2ubuntu4.1_arm64.deb ...
Unpacking libgssapi-krb5-2:arm64 (1.22.1-2ubuntu4.1) ...
Selecting previously unselected package netbase.
Preparing to unpack .../18-netbase_6.5build1_all.deb ...
Unpacking netbase (6.5build1) ...
Selecting previously unselected package bash-completion.
Preparing to unpack .../19-bash-completion_1%3a2.16.0-8build1_all.deb ...
Unpacking bash-completion (1:2.16.0-8build1) ...
Selecting previously unselected package libcbor0.10:arm64.
Preparing to unpack .../20-libcbor0.10_0.10.2-2ubuntu3_arm64.deb ...
Unpacking libcbor0.10:arm64 (0.10.2-2ubuntu3) ...
Selecting previously unselected package libfido2-1:arm64.
Preparing to unpack .../21-libfido2-1_1.16.0-2build1_arm64.deb ...
Unpacking libfido2-1:arm64 (1.16.0-2build1) ...
Selecting previously unselected package libgdbm6t64:arm64.
Preparing to unpack .../22-libgdbm6t64_1.26-1build1_arm64.deb ...
Unpacking libgdbm6t64:arm64 (1.26-1build1) ...
Selecting previously unselected package libnghttp2-14:arm64.
Preparing to unpack .../23-libnghttp2-14_1.68.0-2ubuntu0.2_arm64.deb ...
Unpacking libnghttp2-14:arm64 (1.68.0-2ubuntu0.2) ...
Selecting previously unselected package libpsl5t64:arm64.
Preparing to unpack .../24-libpsl5t64_0.21.2-1.1build2_arm64.deb ...
Unpacking libpsl5t64:arm64 (0.21.2-1.1build2) ...
Selecting previously unselected package libxau6:arm64.
Preparing to unpack .../25-libxau6_1%3a1.0.11-1build2_arm64.deb ...
Unpacking libxau6:arm64 (1:1.0.11-1build2) ...
Selecting previously unselected package libxdmcp6:arm64.
Preparing to unpack .../26-libxdmcp6_1%3a1.1.5-2_arm64.deb ...
Unpacking libxdmcp6:arm64 (1:1.1.5-2) ...
Selecting previously unselected package libxcb1:arm64.
Preparing to unpack .../27-libxcb1_1.17.0-2ubuntu1_arm64.deb ...
Unpacking libxcb1:arm64 (1.17.0-2ubuntu1) ...
Selecting previously unselected package libx11-data.
Preparing to unpack .../28-libx11-data_2%3a1.8.13-1_all.deb ...
Unpacking libx11-data (2:1.8.13-1) ...
Selecting previously unselected package libx11-6:arm64.
Preparing to unpack .../29-libx11-6_2%3a1.8.13-1_arm64.deb ...
Unpacking libx11-6:arm64 (2:1.8.13-1) ...
Selecting previously unselected package libxext6:arm64.
Preparing to unpack .../30-libxext6_2%3a1.3.4-1build3_arm64.deb ...
Unpacking libxext6:arm64 (2:1.3.4-1build3) ...
Selecting previously unselected package libxmuu1:arm64.
Preparing to unpack .../31-libxmuu1_2%3a1.1.3-4_arm64.deb ...
Unpacking libxmuu1:arm64 (2:1.1.3-4) ...
Selecting previously unselected package openssh-client.
Preparing to unpack .../32-openssh-client_1%3a10.2p1-2ubuntu3.5_arm64.deb ...
Unpacking openssh-client (1:10.2p1-2ubuntu3.5) ...
Selecting previously unselected package publicsuffix.
Preparing to unpack .../33-publicsuffix_20260129.1928-1_all.deb ...
Unpacking publicsuffix (20260129.1928-1) ...
Selecting previously unselected package wget.
Preparing to unpack .../34-wget_1.25.0-2ubuntu4.3_arm64.deb ...
Unpacking wget (1.25.0-2ubuntu4.3) ...
Selecting previously unselected package xauth.
Preparing to unpack .../35-xauth_1%3a1.1.2-1.1build1_arm64.deb ...
Unpacking xauth (1:1.1.2-1.1build1) ...
Selecting previously unselected package libbrotli1:arm64.
Preparing to unpack .../36-libbrotli1_1.2.0-3build1_arm64.deb ...
Unpacking libbrotli1:arm64 (1.2.0-3build1) ...
Selecting previously unselected package libsasl2-modules-db:arm64.
Preparing to unpack .../37-libsasl2-modules-db_2.1.28+dfsg1-9ubuntu3_arm64.deb ...
Unpacking libsasl2-modules-db:arm64 (2.1.28+dfsg1-9ubuntu3) ...
Selecting previously unselected package libsasl2-2:arm64.
Preparing to unpack .../38-libsasl2-2_2.1.28+dfsg1-9ubuntu3_arm64.deb ...
Unpacking libsasl2-2:arm64 (2.1.28+dfsg1-9ubuntu3) ...
Selecting previously unselected package libldap-common.
Preparing to unpack .../39-libldap-common_2.6.10+dfsg-1ubuntu5_all.deb ...
Unpacking libldap-common (2.6.10+dfsg-1ubuntu5) ...
Selecting previously unselected package libldap2:arm64.
Preparing to unpack .../40-libldap2_2.6.10+dfsg-1ubuntu5_arm64.deb ...
Unpacking libldap2:arm64 (2.6.10+dfsg-1ubuntu5) ...
Selecting previously unselected package librtmp1:arm64.
Preparing to unpack .../41-librtmp1_2.4+20151223.gitfa8646d.1-3_arm64.deb ...
Unpacking librtmp1:arm64 (2.4+20151223.gitfa8646d.1-3) ...
Selecting previously unselected package libssh2-1t64:arm64.
Preparing to unpack .../42-libssh2-1t64_1.11.1-1ubuntu0.26.04.3_arm64.deb ...
Unpacking libssh2-1t64:arm64 (1.11.1-1ubuntu0.26.04.3) ...
Selecting previously unselected package libcurl4t64:arm64.
Preparing to unpack .../43-libcurl4t64_8.18.0-1ubuntu2.3_arm64.deb ...
Unpacking libcurl4t64:arm64 (8.18.0-1ubuntu2.3) ...
Selecting previously unselected package curl.
Preparing to unpack .../44-curl_8.18.0-1ubuntu2.3_arm64.deb ...
Unpacking curl (8.18.0-1ubuntu2.3) ...
Selecting previously unselected package libcurl3t64-gnutls:arm64.
Preparing to unpack .../45-libcurl3t64-gnutls_8.18.0-1ubuntu2.3_arm64.deb ...
Unpacking libcurl3t64-gnutls:arm64 (8.18.0-1ubuntu2.3) ...
Selecting previously unselected package perl-modules-5.40.
Preparing to unpack .../46-perl-modules-5.40_5.40.1-7ubuntu0.1_all.deb ...
Unpacking perl-modules-5.40 (5.40.1-7ubuntu0.1) ...
Selecting previously unselected package libgdbm-compat4t64:arm64.
Preparing to unpack .../47-libgdbm-compat4t64_1.26-1build1_arm64.deb ...
Unpacking libgdbm-compat4t64:arm64 (1.26-1build1) ...
Selecting previously unselected package libperl5.40:arm64.
Preparing to unpack .../48-libperl5.40_5.40.1-7ubuntu0.1_arm64.deb ...
Unpacking libperl5.40:arm64 (5.40.1-7ubuntu0.1) ...
Selecting previously unselected package perl.
Preparing to unpack .../49-perl_5.40.1-7ubuntu0.1_arm64.deb ...
Unpacking perl (5.40.1-7ubuntu0.1) ...
Selecting previously unselected package liberror-perl.
Preparing to unpack .../50-liberror-perl_0.17030-1_all.deb ...
Unpacking liberror-perl (0.17030-1) ...
Selecting previously unselected package git-man.
Preparing to unpack .../51-git-man_1%3a2.53.0-1ubuntu1_all.deb ...
Unpacking git-man (1:2.53.0-1ubuntu1) ...
Selecting previously unselected package git.
Preparing to unpack .../52-git_1%3a2.53.0-1ubuntu1_arm64.deb ...
Unpacking git (1:2.53.0-1ubuntu1) ...
Selecting previously unselected package libsasl2-modules:arm64.
Preparing to unpack .../53-libsasl2-modules_2.1.28+dfsg1-9ubuntu3_arm64.deb ...
Unpacking libsasl2-modules:arm64 (2.1.28+dfsg1-9ubuntu3) ...
Selecting previously unselected package patch.
Preparing to unpack .../54-patch_2.8-2build1_arm64.deb ...
Unpacking patch (2.8-2build1) ...
Setting up libexpat1:arm64 (2.7.4-1) ...
Setting up libxau6:arm64 (1:1.0.11-1build2) ...
Setting up libxdmcp6:arm64 (1:1.1.5-2) ...
Setting up libkeyutils1:arm64 (1.6.3-6ubuntu3) ...
Setting up libxcb1:arm64 (1.17.0-2ubuntu1) ...
Setting up libgdbm6t64:arm64 (1.26-1build1) ...
Setting up libgdbm-compat4t64:arm64 (1.26-1build1) ...
Setting up libcbor0.10:arm64 (0.10.2-2ubuntu3) ...
Setting up libbrotli1:arm64 (1.2.0-3build1) ...
Setting up libedit2:arm64 (3.1-20251016-1) ...
Setting up libsasl2-modules:arm64 (2.1.28+dfsg1-9ubuntu3) ...
Setting up libnghttp2-14:arm64 (1.68.0-2ubuntu0.2) ...
Setting up less (668-1build1) ...
Setting up krb5-locales (1.22.1-2ubuntu4.1) ...
Setting up libldap-common (2.6.10+dfsg-1ubuntu5) ...
Setting up libkrb5support0:arm64 (1.22.1-2ubuntu4.1) ...
Setting up libsasl2-modules-db:arm64 (2.1.28+dfsg1-9ubuntu3) ...
Setting up libnettle8t64:arm64 (3.10.2-1) ...
Setting up libx11-data (2:1.8.13-1) ...
Setting up bash-completion (1:2.16.0-8build1) ...
Setting up libunistring5:arm64 (1.3-2build1) ...
Setting up patch (2.8-2build1) ...
Setting up libk5crypto3:arm64 (1.22.1-2ubuntu4.1) ...
Setting up libsasl2-2:arm64 (2.1.28+dfsg1-9ubuntu3) ...
Setting up libffi8:arm64 (3.5.2-4) ...
Setting up libhogweed6t64:arm64 (3.10.2-1) ...
Setting up perl-modules-5.40 (5.40.1-7ubuntu0.1) ...
Setting up libtasn1-6:arm64 (4.21.0-2) ...
Setting up git-man (1:2.53.0-1ubuntu1) ...
Setting up libx11-6:arm64 (2:1.8.13-1) ...
Setting up netbase (6.5build1) ...
Setting up libkrb5-3:arm64 (1.22.1-2ubuntu4.1) ...
Setting up libssh2-1t64:arm64 (1.11.1-1ubuntu0.26.04.3) ...
Setting up libfido2-1:arm64 (1.16.0-2build1) ...
Setting up openssl (3.5.5-1ubuntu3.2) ...
Setting up publicsuffix (20260129.1928-1) ...
Setting up libldap2:arm64 (2.6.10+dfsg-1ubuntu5) ...
Setting up libxmuu1:arm64 (2:1.1.3-4) ...
Setting up libxext6:arm64 (2:1.3.4-1build3) ...
Setting up libidn2-0:arm64 (2.3.8-4build1) ...
Setting up libperl5.40:arm64 (5.40.1-7ubuntu0.1) ...
Setting up ca-certificates (20260601~26.04.1) ...
Updating certificates in /etc/ssl/certs...

121 added, 0 removed; done.
Setting up perl (5.40.1-7ubuntu0.1) ...
Setting up libp11-kit0:arm64 (0.26.2-2) ...
Setting up libgssapi-krb5-2:arm64 (1.22.1-2ubuntu4.1) ...
Setting up xauth (1:1.1.2-1.1build1) ...
Setting up libgnutls30t64:arm64 (3.8.12-2ubuntu1.1) ...
Setting up openssh-client (1:10.2p1-2ubuntu3.5) ...
Setting up libpsl5t64:arm64 (0.21.2-1.1build2) ...
Setting up liberror-perl (0.17030-1) ...
Setting up librtmp1:arm64 (2.4+20151223.gitfa8646d.1-3) ...
Setting up wget (1.25.0-2ubuntu4.3) ...
Setting up libcurl4t64:arm64 (8.18.0-1ubuntu2.3) ...
Setting up libcurl3t64-gnutls:arm64 (8.18.0-1ubuntu2.3) ...
Setting up git (1:2.53.0-1ubuntu1) ...
Setting up curl (8.18.0-1ubuntu2.3) ...
Processing triggers for libc-bin (2.43-2ubuntu2) ...
Processing triggers for ca-certificates (20260601~26.04.1) ...
Updating certificates in /etc/ssl/certs...
0 added, 0 removed; done.
Running hooks in /etc/ca-certificates/update.d...
done.
fatal: repository '/opt/n8nmini' does not exist
bash: line 10: cd: /opt/n8nmini: No such file or directory
chmod: cannot access 'install.sh': No such file or directory
bash: line 12: ./install.sh: No such file or directory
~/n8nmini $
~/n8nmini $ cd n8nmini                                  bash: cd: n8nmini: No such file or directory
~/n8nmini $ pkg update && pkg install git -y
git clone https://github.com/MedinaBytes/n8nmini.git n8nmini
cd n8nmini
bash bootstrap.sh
No mirror or mirror group selected. You might want to select one by running 'termux-change-repo'
Checking availability of current mirror:
[*] https://packages-cf.termux.dev/apt/termux-main/: ok
Hit:1 https://packages-cf.termux.dev/apt/termux-main stable InRelease
Reading package lists... Done
Building dependency tree... Done
Reading state information... Done
All packages are up to date.
No mirror or mirror group selected. You might want to select one by running 'termux-change-repo'
Checking availability of current mirror:
[*] https://packages-cf.termux.dev/apt/termux-main/: ok
Reading package lists... Done
Building dependency tree... Done
Reading state information... Done
git is already the newest version (2.55.0).
0 upgraded, 0 newly installed, 0 to remove and 0 not upgraded.
Cloning into 'n8nmini'...
remote: Enumerating objects: 40, done.
remote: Counting objects: 100% (40/40), done.
remote: Compressing objects: 100% (25/25), done.
remote: Total 40 (delta 16), reused 34 (delta 10), pack-reused 0 (from 0)
Receiving objects: 100% (40/40), done.
Resolving deltas: 100% (16/16), done.
==========================================
       n8nmini Bootstrap Tool
==========================================
[1/5] Updating Termux packages...
No mirror or mirror group selected. You might want to select one by running 'termux-change-repo'
Checking availability of current mirror:
[*] https://packages-cf.termux.dev/apt/termux-main/: ok
Hit:1 https://packages-cf.termux.dev/apt/termux-main stable InRelease
Reading package lists... Done
Building dependency tree... Done
Reading state information... Done
All packages are up to date.
[2/5] Installing required Termux packages...
No mirror or mirror group selected. You might want to select one by running 'termux-change-repo'
Checking availability of current mirror:
[*] https://packages-cf.termux.dev/apt/termux-main/: ok
Reading package lists... Done
Building dependency tree... Done
Reading state information... Done
proot-distro is already the newest version (5.5.0).
wget is already the newest version (1.25.0-1).
curl is already the newest version (8.21.0).
git is already the newest version (2.55.0).
nano is already the newest version (9.1).
0 upgraded, 0 newly installed, 0 to remove and 0 not upgraded.
[3/5] Checking for Ubuntu installation...
Ubuntu not found. Installing via proot-distro...

Error: container 'ubuntu' already exists. Specify a different name with '--name NAME'.

Start shell: proot-distro login ubuntu
Reinstall:   proot-distro reset ubuntu
Uninstall:   proot-distro remove ubuntu

~/n8nmini/n8nmini $ proot-distro login ubuntu
root@localhost:~# pkg update && pkg install git -y
git clone https://github.com/MedinaBytes/n8nmini.git n8nmini
cd n8nmini
bash bootstrap.sh
Error: Cannot run 'pkg' command as root
Cloning into 'n8nmini'...
remote: Enumerating objects: 40, done.
remote: Counting objects: 100% (40/40), done.
remote: Compressing objects: 100% (25/25), done.
remote: Total 40 (delta 16), reused 34 (delta 10), pack-reused 0 (from 0)
Receiving objects: 100% (40/40), 10.01 KiB | 256.00 KiB/s, done.
Resolving deltas: 100% (16/16), done.
==========================================
       n8nmini Bootstrap Tool
==========================================
[1/5] Updating Termux packages...
Error: Cannot run 'pkg' command as root
root@localhost:~/n8nmini# bash bootstrap.sh
==========================================
       n8nmini Bootstrap Tool
==========================================
[1/5] Updating Termux packages...
Error: Cannot run 'pkg' command as root
root@localhost:~/n8nmini#